Julias-MacBook-Air:mystery JuliaJones$ grep Annabel | grep F > possible_witnesses.txt 
^C
Julias-MacBook-Air:mystery JuliaJones$ less possible_witnesses.txt 
Julias-MacBook-Air:mystery JuliaJones$ grep Annabel people | grep F > possible_witnesses.txt 
Julias-MacBook-Air:mystery JuliaJones$ less possible_witnesses.txt 
Julias-MacBook-Air:mystery JuliaJones$ git add .
Julias-MacBook-Air:mystery JuliaJones$ git commit --m "This is the file for Annabel's"
[master 8f4f418] This is the file for Annabel's
 1 file changed, 3 insertions(+)
 create mode 100644 mystery/possible_witnesses.txt
Julias-MacBook-Air:mystery JuliaJones$ cd streets
Julias-MacBook-Air:streets JuliaJones$ ls
Abbot_Street			Kearsarge_Avenue
Acton_Street			King_Place
Addington_Road			Kinross_Road
Alaric_Street			Knoll_Street
Albany_Street			Laban_Pratt_Road
Aldworth_Street			Leseur_Road
Alpine_Street			Lineham_Court
Andover_Road			Lovis_Street
Ansonia_Road			Lynde_Street
Appleton_Road			Lynn_Street
Aramon_Street			Mamelon_Circle
Arcola_Street			Manila_Avenue
Atwood_Road			Manton_Terrace
Auriga_Street			Marney_Street
Avalon_Road			Mattapan_Street
B_Street			May_Street
Ballard_Street			Meadowview_Road
Balmoral_Park			Merola_Park
Bartlett_Avenue			Michigan_Avenue
Bellevue_Avenue			Miles_Street
Bertson_Avenue			Moloney_Street
Bicknell_Street			Mount_Ash_Road
Blue_Hill_Avenue		Mount_Ida_Road
Bobolink_Street			Mountain_Avenue
Boston_Street			Mozart_Street
Bothwell_Road			Myles_Standish_Road
Bournedale_Road			Mystic_Street
Boynton_Street			Nazing_Street
Brinton_Street			New_Minton_Street
Bristol_Street			New_Park_Avenue
Broad_Canal_Street		Newcastle_Road
Brookdale_Street		Newcroft_Circle
Brookline_Avenue		North_Washington_Street
Buckingham_Place		Norton_Street
Burwell_Road			Oak_Hill_Avenue
Cadbury_Road			Oak_Place
Cardinal_Medeiros_Avenue	Oakley_Street
Cardington_Street		Oliva_Road
Causeway_Street			Orchard_Road
Cerdan_Avenue			Paragon_Road
Channel_Center_Street		Peacock_Lane
Cheverus_Road			Peter_Parley_Road
Claremont_Park			Pinewood_Street
Clay_Street			Plain_Street
Claybourne_Street		Plainfield_Street
Clipper_Ship_Lane		Potosi_Street
Cook_Street			Priscilla_Road
Cornelia_Street			Proctor_Street
Corwin_Street			Quarley_Road
Culbert_Street			Randlett_Place
Dacia_Street			Rena_Street
Dalton_Street			Renfrew_Street
Dana_Avenue			Richard_Avenue
Davenport_Street		Richardson_Street
Devine_Way			Richmond_Street
Dewar_Street			River_Street
Doane_Street			Rivermoor_Street
Dock_Street			Rockmere_Street
Dorrance_Street			Rosaria_Street
Dover_Street			Rowe_Street
Dresser_Street			Rozella_Street
Drumlin_Road			Saco_Street
Dunstable_Road			Saint_Saveur_Court
Elmore_Street			Salutation_Street
Embassy_Road			Sammett_Avenue
Enterprise_Street		Saunders_Street
Esther_Road			Scotia_Street
Estrella_Street			Searle_Road
Eugenia_Road			Selwyn_Street
Fairfield_Street		Senders_Court
Faunce_Road			Sheldon_Street
Fay_Street			Silver_Street
Fayston_Street			Sparrow_Street
Fessenden_Street		Spaulding_Street
Forestvale_Road			Standard_Street
Foundry_Street			Staniford_Street
Fowler_Street			Story_Street
Frontage_Road			Supple_Road
Gerard_Street			Taunton_Avenue
Gillespies_Lane			Tennyson_Street
Glenville_Avenue		Terrace_Place
Glenwood_Avenue			Theodore_Street
Grampian_Way			Tolman_Street
Granby_Street			Topeka_Street
Gray_Gardens_East		Trapelo_Street
Greendale_Road			Trident_Street
Gretter_Road			Trinity_Place
Groveland_Street		Unity_Court
Hadassah_Way			Vassal_Lane
Haley_Street			Victory_Road
Harbor_Point_Boulevard		Vinton_Street
Harding_Road			Vista_Street
Hart_Place			Waldeck_Street
Hazel_Street			Wallingford_Road
Hazelton_Street			Warren_Avenue
High_Road			Wentworth_Street
High_View_Avenue		Wesley_Place
Hobart_Street			Wheatland_Avenue
Hollander_Street		Wiget_Street
Hooten_Court			Wiggin_Street
Hopedale_Street			Wilcox_Road
Hull_Street			Wilkinson_Park
Island_View_Place		Willet_Street
Jacob_Street			Williston_Road
Jacqueline_Road			Willowdean_Avenue
Jamaica_Place			Wilmington_Avenue
Jersey_Street			Winter_Street
Jeshurun_Street			Woodcliff_Street
John_Alden_Road			Wooddale_Avenue
Judge_Street			Worrell_Street
June_Street			Wycliff_Avenue
Julias-MacBook-Air:streets JuliaJones$ ls *_place 
ls: *_place: No such file or directory
Julias-MacBook-Air:streets JuliaJones$ ls *_Place 
Buckingham_Place	King_Place		Trinity_Place
Hart_Place		Oak_Place		Wesley_Place
Island_View_Place	Randlett_Place
Jamaica_Place		Terrace_Place
Julias-MacBook-Air:streets JuliaJones$ ls Hart
ls: Hart: No such file or directory
Julias-MacBook-Air:streets JuliaJones$ find *Hart_Place
Hart_Place
Julias-MacBook-Air:streets JuliaJones$ find *Hart_Place | *Buckingham_Place
-bash: Buckingham_Place: command not found
Julias-MacBook-Air:streets JuliaJones$ find *Hart_Place | find *Buckingham_Place 
Buckingham_Place
Julias-MacBook-Air:streets JuliaJones$ grep Hart_Place|Buckingham_Place
-bash: Buckingham_Place: command not found
^C  

^C^C
Julias-MacBook-Air:streets JuliaJones$ find *_Place
Buckingham_Place
Hart_Place
Island_View_Place
Jamaica_Place
King_Place
Oak_Place
Randlett_Place
Terrace_Place
Trinity_Place
Wesley_Place
Julias-MacBook-Air:streets JuliaJones$ cd ..
Julias-MacBook-Air:mystery JuliaJones$ touch interviews.txt
Julias-MacBook-Air:mystery JuliaJones$ head -40 street/Hart_Place | tail -1
head: street/Hart_Place: No such file or directory
Julias-MacBook-Air:mystery JuliaJones$ head -40 streets/Hart_Place | tail -1
SEE INTERVIEW #47246024
Julias-MacBook-Air:mystery JuliaJones$ head -40 streets/Hart_Place | tail -1 > interviews.txy
Julias-MacBook-Air:mystery JuliaJones$ head -40 streets/Hart_Place | tail -1 > interviews.txt
Julias-MacBook-Air:mystery JuliaJones$ head -179 streets/Buckingham_Place | tail -1 > interviews.txt
Julias-MacBook-Air:mystery JuliaJones$ head -40 streets/Hart_Place | tail -1 >> interviews.txt
Julias-MacBook-Air:mystery JuliaJones$ git add .
Julias-MacBook-Air:mystery JuliaJones$ git status
On branch master
Your branch is ahead of 'origin/master' by 1 commit.
  (use "git push" to publish your local commits)

Changes to be committed:
  (use "git restore --staged <file>..." to unstage)
	new file:   interviews.txt

Julias-MacBook-Air:mystery JuliaJones$ git push
Enumerating objects: 6, done.
Counting objects: 100% (6/6), done.
Delta compression using up to 4 threads
Compressing objects: 100% (4/4), done.
Writing objects: 100% (4/4), 471 bytes | 471.00 KiB/s, done.
Total 4 (delta 2), reused 0 (delta 0)
remote: Resolving deltas: 100% (2/2), completed with 2 local objects.
To https://github.com/JulzJ0n3s/clmystery
   299fbe7..8f4f418  master -> master
Julias-MacBook-Air:mystery JuliaJones$ git checkout
A	mystery/interviews.txt
Your branch is up to date with 'origin/master'.
Julias-MacBook-Air:mystery JuliaJones$ git checkout step5
error: pathspec 'step5' did not match any file(s) known to git
Julias-MacBook-Air:mystery JuliaJones$ git checkout step-5
A	mystery/interviews.txt
Branch 'step-5' set up to track remote branch 'step-5' from 'origin'.
Switched to a new branch 'step-5'
Julias-MacBook-Air:mystery JuliaJones$ cd..
-bash: cd..: command not found
Julias-MacBook-Air:mystery JuliaJones$ cd ..
Julias-MacBook-Air:clmystery JuliaJones$ cat step-5
cat: step-5: No such file or directory
Julias-MacBook-Air:clmystery JuliaJones$ cat step5
Reference: ./detective_handbook/step5.md

You found two witness interview files. Take a look inside both of them and save any useful information into a new file called 'interview_info.txt'.

You feel satisfied that you have covered your tracks - time to consolidate your files. Commit the file but DON'T PUSH IT YET!

First checkout back into the 'master' branch, and merge the 'step-5' branch into 'master'.
Julias-MacBook-Air:clmystery JuliaJones$ cd mystery/interviews
Julias-MacBook-Air:interviews JuliaJones$ cat interview-699607
Interviewed Ms. Church at 2:04 pm.  Witness stated that she did not see anyone she could identify as the shooter, that she ran away as soon as the shots were fired.

However, she reports seeing the car that fled the scene.  Describes it as a blue Honda, with a license plate that starts with "L337" and ends with "9"
Julias-MacBook-Air:interviews JuliaJones$ interview-699607 > touch interview_info.txt
-bash: interview-699607: command not found
Julias-MacBook-Air:interviews JuliaJones$ cat interview-699607 > touch interview_info.txt
cat: interview_info.txt: No such file or directory
Julias-MacBook-Air:interviews JuliaJones$ touch interview_info.txt
Julias-MacBook-Air:interviews JuliaJones$ cat interview-699607 > interview_info.txt
Julias-MacBook-Air:interviews JuliaJones$ cat interview-47246024 > interview_info.txt
Julias-MacBook-Air:interviews JuliaJones$ git add .
Julias-MacBook-Air:interviews JuliaJones$ git commit --m "These are the correct files that are necessary to have the right info"
[step-5 ad4648c] These are the correct files that are necessary to have the right info
 3 files changed, 6 insertions(+)
 create mode 100644 mystery/interviews.txt
 create mode 100644 mystery/interviews/interview_info.txt
 create mode 100644 mystery/interviews/touch
Julias-MacBook-Air:interviews JuliaJones$ git checkout master
Switched to branch 'master'
Your branch is up to date with 'origin/master'.
Julias-MacBook-Air:interviews JuliaJones$ git merge step-5
Merge made by the 'recursive' strategy.
 detective_handbook/step5.md           | 6 ++++++
 mystery/interviews.txt                | 2 ++
 mystery/interviews/interview_info.txt | 1 +
 mystery/interviews/touch              | 3 +++
 step5                                 | 6 ++++--
 5 files changed, 16 insertions(+), 2 deletions(-)
 create mode 100644 mystery/interviews.txt
 create mode 100644 mystery/interviews/interview_info.txt
 create mode 100644 mystery/interviews/touch
Julias-MacBook-Air:interviews JuliaJones$ git status
On branch master
Your branch is ahead of 'origin/master' by 7 commits.
  (use "git push" to publish your local commits)

nothing to commit, working tree clean
Julias-MacBook-Air:interviews JuliaJones$ cd ..
Julias-MacBook-Air:mystery JuliaJones$ cd vechicles
-bash: cd: vechicles: No such file or directory
Julias-MacBook-Air:mystery JuliaJones$ less vehicles 
Julias-MacBook-Air:mystery JuliaJones$ cat interview-699607 >> interview_info.txt
cat: interview-699607: No such file or directory
Julias-MacBook-Air:mystery JuliaJones$ cd interview
-bash: cd: interview: No such file or directory
Julias-MacBook-Air:mystery JuliaJones$ cd interviews
Julias-MacBook-Air:interviews JuliaJones$ cat interview-699607 >> interview_info.txt
Julias-MacBook-Air:interviews JuliaJones$ git add .
Julias-MacBook-Air:interviews JuliaJones$ git commit --m "These are the correct files that are necessary to have the right info"
[master d5c1073] These are the correct files that are necessary to have the right info
 1 file changed, 3 insertions(+)
Julias-MacBook-Air:interviews JuliaJones$ git checkout master
Already on 'master'
Your branch is ahead of 'origin/master' by 8 commits.
  (use "git push" to publish your local commits)
Julias-MacBook-Air:interviews JuliaJones$ cd ..
Julias-MacBook-Air:mystery JuliaJones$ less vehicles 
Julias-MacBook-Air:mystery JuliaJones$ grep blue vehicles
Julias-MacBook-Air:mystery JuliaJones$ touch suspects.txt
Julias-MacBook-Air:mystery JuliaJones$ git add .
Julias-MacBook-Air:mystery JuliaJones$ git push
Enumerating objects: 22, done.
Counting objects: 100% (21/21), done.
Delta compression using up to 4 threads
Compressing objects: 100% (13/13), done.
Writing objects: 100% (14/14), 1.57 KiB | 802.00 KiB/s, done.
Total 14 (delta 9), reused 1 (delta 0)
remote: Resolving deltas: 100% (9/9), completed with 5 local objects.
To https://github.com/JulzJ0n3s/clmystery
   8f4f418..d5c1073  master -> master
Julias-MacBook-Air:mystery JuliaJones$ grep -A 1 Honda vehicles | grep -B 3 blue 
Julias-MacBook-Air:mystery JuliaJones$ grep -A 1 Honda vehicles | grep -B 3 blue > suspects.txt
Julias-MacBook-Air:mystery JuliaJones$ grep -C 1 Honda vehicles | grep -C 3 blue > suspects.txt
Julias-MacBook-Air:mystery JuliaJones$ grep -A 3 -B 2 Honda vehicles | grep -C 3 blue > suspects.txt
Julias-MacBook-Air:mystery JuliaJones$ grep -A 3 -B 2 Honda vehicles | grep -C 2 Blue > suspects.txt
Julias-MacBook-Air:mystery JuliaJones$ grep -A 3 -B 2 Honda vehicles | grep -C 2 Blue | grep -A 4 L337 > suspects.txt
Julias-MacBook-Air:mystery JuliaJones$ grep -A 3 -B 2 Honda vehicles | grep -C 2 Blue | grep -A 4 L337 | grep -B 1 6 > suspects.txt
Julias-MacBook-Air:mystery JuliaJones$ grep -A 3 -B 2 Honda vehicles | grep -C 2 Blue | grep -A 4 L337 | grep -B 4 6 > suspects.txt
Julias-MacBook-Air:mystery JuliaJones$ grep -A 3 -B 2 Honda vehicles | grep -C 2 Blue | grep -A 4 L337 | grep -B 4 "6'" > suspects.txt
Julias-MacBook-Air:mystery JuliaJones$ git add . 
Julias-MacBook-Air:mystery JuliaJones$ git push 
Everything up-to-date
Julias-MacBook-Air:mystery JuliaJones$ rm interviews.txt | rm interview_info.txt
Julias-MacBook-Air:mystery JuliaJones$ rm possible_witnesses.txt 
Julias-MacBook-Air:mystery JuliaJones$ 
